Person-year candidate rows (all unbalanced triad-years): 10350 
Unique spells: 6277 

Spell terminal events:

censored_end_of_panel             dissolved               flipped 
                  180                   678                  5419 

Usable person-year rows (transition to Y+1 observed): 10170 

continues dissolved   flipped 
     4073       678      5419 
Warning message:
There were 1004 warnings in `mutate()`.
The first warning was:
ℹ In argument: `dep_asym_max = max(...)`.
ℹ In row 584.
Caused by warning in `max()`:
! no non-missing arguments to max; returning -Inf
ℹ Run `dplyr::last_dplyr_warnings()` to see the 1003 remaining warnings. 

Trade-asymmetry coverage in person-year panel:
  rows with >=1 valid tie: 9811  (96.5%)
  rows with all 3 ties valid: 6635  (65.2%)

03_person_year_panel.R complete.
