Trade-valid analysis sample: 6635 person-years, 1874 triads, 4010 spells
Year range: 1870 - 2011 

Correlation, dep_asym_max vs. trade_volume_mean (worst-tie asymmetry vs. avg dyadic trade size): 0.377 
Correlation, dep_asym_max vs. trade_volume_max: 0.476 

Split for H4: any_exposed_weaker TRUE: 6304  | FALSE: 331 

=== Trade-valid analysis sample ===
N = 6635 person-years, 1874 triads, 4010 spells, years 1870 - 2011 



============================================================
MODEL 0: baseline structural controls only 
============================================================
--- DISSOLUTION ---

z test of coefficients:

               Estimate Std. Error  z value  Pr(>|z|)    
(Intercept)   -4.688028   0.339949 -13.7904 < 2.2e-16 ***
z_tie_btw     -0.023511   0.055539  -0.4233 0.6720577    
z_tie_emb     -2.759383   0.216865 -12.7240 < 2.2e-16 ***
z_actor_load  -0.620881   0.130789  -4.7472 2.063e-06 ***
z_cinc         0.642642   0.095047   6.7613 1.367e-11 ***
era1945-1989  -0.062986   0.251648  -0.2503 0.8023617    
erapost-1989  -0.657704   0.294485  -2.2334 0.0255223 *  
dur_binyr2    -0.513810   0.181784  -2.8265 0.0047062 ** 
dur_binyr3     0.640019   0.237551   2.6942 0.0070550 ** 
dur_binyr4-5  -1.507966   0.452684  -3.3312 0.0008648 ***
dur_binyr6-10 -1.667073   0.445371  -3.7431 0.0001818 ***
dur_binyr11+  -2.379303   0.968280  -2.4572 0.0140007 *  
---
Signif. codes:  0 ‘***’ 0.001 ‘**’ 0.01 ‘*’ 0.05 ‘.’ 0.1 ‘ ’ 1

N = 6635  AIC = 1864.608 

--- REALIGNMENT (flip) ---

z test of coefficients:

               Estimate Std. Error  z value  Pr(>|z|)    
(Intercept)   -0.363801   0.174395  -2.0861  0.036972 *  
z_tie_btw     -0.037410   0.034090  -1.0974  0.272467    
z_tie_emb      0.464408   0.067982   6.8313 8.415e-12 ***
z_actor_load   0.235697   0.073044   3.2268  0.001252 ** 
z_cinc        -0.226605   0.039455  -5.7435 9.276e-09 ***
era1945-1989   0.904899   0.176619   5.1235 3.000e-07 ***
erapost-1989   0.936243   0.183685   5.0970 3.451e-07 ***
dur_binyr2    -0.125262   0.066216  -1.8917  0.058529 .  
dur_binyr3    -0.866956   0.103054  -8.4126 < 2.2e-16 ***
dur_binyr4-5  -1.468511   0.110902 -13.2416 < 2.2e-16 ***
dur_binyr6-10 -2.393230   0.138308 -17.3037 < 2.2e-16 ***
dur_binyr11+  -1.816374   0.119516 -15.1977 < 2.2e-16 ***
---
Signif. codes:  0 ‘***’ 0.001 ‘**’ 0.01 ‘*’ 0.05 ‘.’ 0.1 ‘ ’ 1

N = 6635  AIC = 8178.007 


============================================================
MODEL 1: + symmetric trade dependence (mean, parent-project control) 
============================================================
--- DISSOLUTION ---

z test of coefficients:

               Estimate Std. Error  z value  Pr(>|z|)    
(Intercept)   -4.766385   0.352781 -13.5109 < 2.2e-16 ***
z_tie_btw     -0.012123   0.052953  -0.2289 0.8189119    
z_tie_emb     -2.704525   0.216278 -12.5049 < 2.2e-16 ***
z_actor_load  -0.554827   0.133667  -4.1508 3.313e-05 ***
z_cinc         0.781889   0.115055   6.7958 1.077e-11 ***
era1945-1989  -0.028690   0.254239  -0.1128 0.9101525    
erapost-1989  -0.587960   0.300684  -1.9554 0.0505348 .  
dur_binyr2    -0.533482   0.180152  -2.9613 0.0030636 ** 
dur_binyr3     0.604805   0.234625   2.5777 0.0099446 ** 
dur_binyr4-5  -1.493376   0.453674  -3.2917 0.0009957 ***
dur_binyr6-10 -1.645254   0.459587  -3.5799 0.0003438 ***
dur_binyr11+  -2.406673   0.962612  -2.5001 0.0124141 *  
z_trade_mean  -0.238452   0.075020  -3.1785 0.0014802 ** 
---
Signif. codes:  0 ‘***’ 0.001 ‘**’ 0.01 ‘*’ 0.05 ‘.’ 0.1 ‘ ’ 1

N = 6635  AIC = 1850.743 

--- REALIGNMENT (flip) ---

z test of coefficients:

               Estimate Std. Error  z value  Pr(>|z|)    
(Intercept)   -0.400373   0.179689  -2.2281  0.025871 *  
z_tie_btw     -0.047125   0.035204  -1.3386  0.180688    
z_tie_emb      0.365628   0.065070   5.6190 1.921e-08 ***
z_actor_load   0.178139   0.067390   2.6434  0.008207 ** 
z_cinc        -0.364226   0.042074  -8.6569 < 2.2e-16 ***
era1945-1989   0.922179   0.182204   5.0613 4.165e-07 ***
erapost-1989   0.946230   0.187628   5.0431 4.580e-07 ***
dur_binyr2    -0.084838   0.066243  -1.2807  0.200296    
dur_binyr3    -0.805432   0.103983  -7.7458 9.498e-15 ***
dur_binyr4-5  -1.408633   0.112825 -12.4851 < 2.2e-16 ***
dur_binyr6-10 -2.333365   0.137984 -16.9104 < 2.2e-16 ***
dur_binyr11+  -1.742849   0.124444 -14.0050 < 2.2e-16 ***
z_trade_mean   0.251200   0.040901   6.1416 8.168e-10 ***
---
Signif. codes:  0 ‘***’ 0.001 ‘**’ 0.01 ‘*’ 0.05 ‘.’ 0.1 ‘ ’ 1

N = 6635  AIC = 8115.142 


============================================================
MODEL 2 [H1/H2, mean asymmetry]: + dep_asym_mean 
============================================================
--- DISSOLUTION ---

z test of coefficients:

                 Estimate Std. Error  z value  Pr(>|z|)    
(Intercept)     -4.794815   0.357173 -13.4243 < 2.2e-16 ***
z_tie_btw       -0.014573   0.054392  -0.2679 0.7887619    
z_tie_emb       -2.719815   0.224111 -12.1360 < 2.2e-16 ***
z_actor_load    -0.559761   0.136688  -4.0952 4.219e-05 ***
z_cinc           0.781001   0.115055   6.7881 1.136e-11 ***
era1945-1989    -0.007260   0.255123  -0.0285 0.9772976    
erapost-1989    -0.570083   0.304793  -1.8704 0.0614294 .  
dur_binyr2      -0.535479   0.180157  -2.9723 0.0029559 ** 
dur_binyr3       0.604094   0.234546   2.5756 0.0100068 *  
dur_binyr4-5    -1.486803   0.450783  -3.2983 0.0009728 ***
dur_binyr6-10   -1.642670   0.462498  -3.5517 0.0003827 ***
dur_binyr11+    -2.415004   0.962934  -2.5080 0.0121429 *  
z_trade_mean    -0.214725   0.109391  -1.9629 0.0496549 *  
z_dep_asym_mean -0.044277   0.133282  -0.3322 0.7397316    
---
Signif. codes:  0 ‘***’ 0.001 ‘**’ 0.01 ‘*’ 0.05 ‘.’ 0.1 ‘ ’ 1

N = 6635  AIC = 1852.538 

--- REALIGNMENT (flip) ---

z test of coefficients:

                 Estimate Std. Error  z value  Pr(>|z|)    
(Intercept)     -0.416475   0.179611  -2.3188  0.020408 *  
z_tie_btw       -0.038832   0.036158  -1.0740  0.282836    
z_tie_emb        0.377843   0.064976   5.8151 6.059e-09 ***
z_actor_load     0.176496   0.066831   2.6409  0.008268 ** 
z_cinc          -0.356632   0.042183  -8.4543 < 2.2e-16 ***
era1945-1989     0.945851   0.182251   5.1898 2.105e-07 ***
erapost-1989     0.960061   0.187650   5.1162 3.117e-07 ***
dur_binyr2      -0.081928   0.066469  -1.2326  0.217735    
dur_binyr3      -0.801922   0.104254  -7.6920 1.449e-14 ***
dur_binyr4-5    -1.411499   0.112782 -12.5152 < 2.2e-16 ***
dur_binyr6-10   -2.334439   0.138243 -16.8865 < 2.2e-16 ***
dur_binyr11+    -1.742920   0.122802 -14.1930 < 2.2e-16 ***
z_trade_mean     0.295320   0.047717   6.1890 6.055e-10 ***
z_dep_asym_mean -0.079071   0.033089  -2.3897  0.016864 *  
---
Signif. codes:  0 ‘***’ 0.001 ‘**’ 0.01 ‘*’ 0.05 ‘.’ 0.1 ‘ ’ 1

N = 6635  AIC = 8111.521 


============================================================
MODEL 3 [H1/H2, PRIMARY]: + dep_asym_max (worst-tie asymmetry) 
============================================================
--- DISSOLUTION ---

z test of coefficients:

                 Estimate Std. Error  z value  Pr(>|z|)    
(Intercept)    -4.7704473  0.3516169 -13.5672 < 2.2e-16 ***
z_tie_btw      -0.0124144  0.0534737  -0.2322 0.8164149    
z_tie_emb      -2.7069739  0.2252430 -12.0180 < 2.2e-16 ***
z_actor_load   -0.5557094  0.1383441  -4.0169 5.898e-05 ***
z_cinc          0.7816765  0.1156020   6.7618 1.363e-11 ***
era1945-1989   -0.0255649  0.2506964  -0.1020 0.9187760    
erapost-1989   -0.5856640  0.3004503  -1.9493 0.0512611 .  
dur_binyr2     -0.5337556  0.1804837  -2.9574 0.0031028 ** 
dur_binyr3      0.6047994  0.2346049   2.5779 0.0099389 ** 
dur_binyr4-5   -1.4920154  0.4508840  -3.3091 0.0009360 ***
dur_binyr6-10  -1.6452737  0.4599361  -3.5772 0.0003473 ***
dur_binyr11+   -2.4078656  0.9633106  -2.4996 0.0124343 *  
z_trade_mean   -0.2350051  0.1076008  -2.1840 0.0289588 *  
z_dep_asym_max -0.0063909  0.1269746  -0.0503 0.9598579    
---
Signif. codes:  0 ‘***’ 0.001 ‘**’ 0.01 ‘*’ 0.05 ‘.’ 0.1 ‘ ’ 1

N = 6635  AIC = 1852.738 

--- REALIGNMENT (flip) ---

z test of coefficients:

                Estimate Std. Error  z value  Pr(>|z|)    
(Intercept)    -0.417846   0.180902  -2.3098   0.02090 *  
z_tie_btw      -0.037563   0.036139  -1.0394   0.29861    
z_tie_emb       0.376215   0.065002   5.7877 7.134e-09 ***
z_actor_load    0.175775   0.066947   2.6256   0.00865 ** 
z_cinc         -0.357462   0.042448  -8.4213 < 2.2e-16 ***
era1945-1989    0.946589   0.183974   5.1452 2.672e-07 ***
erapost-1989    0.959804   0.188900   5.0810 3.754e-07 ***
dur_binyr2     -0.081461   0.066438  -1.2261   0.22016    
dur_binyr3     -0.800842   0.104008  -7.6998 1.363e-14 ***
dur_binyr4-5   -1.405492   0.112488 -12.4946 < 2.2e-16 ***
dur_binyr6-10  -2.329129   0.138907 -16.7676 < 2.2e-16 ***
dur_binyr11+   -1.742758   0.122437 -14.2339 < 2.2e-16 ***
z_trade_mean    0.297532   0.048532   6.1306 8.754e-10 ***
z_dep_asym_max -0.080706   0.034402  -2.3460   0.01898 *  
---
Signif. codes:  0 ‘***’ 0.001 ‘**’ 0.01 ‘*’ 0.05 ‘.’ 0.1 ‘ ’ 1

N = 6635  AIC = 8111.514 


============================================================
MODEL 4 [H4]: + dep_asym_max + cap_asym_max 
============================================================
--- DISSOLUTION ---

z test of coefficients:

                Estimate Std. Error  z value  Pr(>|z|)    
(Intercept)    -4.773156   0.350507 -13.6179 < 2.2e-16 ***
z_tie_btw      -0.010014   0.052469  -0.1909 0.8486395    
z_tie_emb      -2.663378   0.231256 -11.5170 < 2.2e-16 ***
z_actor_load   -0.515653   0.139747  -3.6899 0.0002244 ***
z_cinc          0.813007   0.119414   6.8083 9.876e-12 ***
era1945-1989   -0.051154   0.247345  -0.2068 0.8361560    
erapost-1989   -0.573432   0.297576  -1.9270 0.0539780 .  
dur_binyr2     -0.540743   0.178569  -3.0282 0.0024602 ** 
dur_binyr3      0.598884   0.233014   2.5702 0.0101651 *  
dur_binyr4-5   -1.475085   0.453103  -3.2555 0.0011319 ** 
dur_binyr6-10  -1.660949   0.465478  -3.5683 0.0003594 ***
dur_binyr11+   -2.399607   0.976999  -2.4561 0.0140454 *  
z_trade_mean   -0.184610   0.104284  -1.7703 0.0766827 .  
z_dep_asym_max -0.125518   0.130465  -0.9621 0.3360072    
z_cap_asym_max  0.251937   0.101270   2.4878 0.0128543 *  
---
Signif. codes:  0 ‘***’ 0.001 ‘**’ 0.01 ‘*’ 0.05 ‘.’ 0.1 ‘ ’ 1

N = 6635  AIC = 1846.762 

--- REALIGNMENT (flip) ---

z test of coefficients:

                Estimate Std. Error  z value  Pr(>|z|)    
(Intercept)    -0.333861   0.179231  -1.8627   0.06250 .  
z_tie_btw      -0.030404   0.036588  -0.8310   0.40597    
z_tie_emb       0.363791   0.062543   5.8166 6.005e-09 ***
z_actor_load    0.135617   0.062778   2.1602   0.03075 *  
z_cinc         -0.400579   0.044078  -9.0880 < 2.2e-16 ***
era1945-1989    0.864368   0.181498   4.7624 1.913e-06 ***
erapost-1989    0.867328   0.187320   4.6302 3.653e-06 ***
dur_binyr2     -0.071040   0.067399  -1.0540   0.29187    
dur_binyr3     -0.780748   0.105181  -7.4229 1.146e-13 ***
dur_binyr4-5   -1.389778   0.113195 -12.2778 < 2.2e-16 ***
dur_binyr6-10  -2.332383   0.140210 -16.6349 < 2.2e-16 ***
dur_binyr11+   -1.760626   0.124969 -14.0885 < 2.2e-16 ***
z_trade_mean    0.258591   0.048554   5.3258 1.005e-07 ***
z_dep_asym_max  0.050458   0.040768   1.2377   0.21583    
z_cap_asym_max -0.195159   0.033965  -5.7458 9.147e-09 ***
---
Signif. codes:  0 ‘***’ 0.001 ‘**’ 0.01 ‘*’ 0.05 ‘.’ 0.1 ‘ ’ 1

N = 6635  AIC = 8081.286 


============================================================
MODEL 5 [H4, interaction]: + dep_asym_max * cap_asym_max 
============================================================
--- DISSOLUTION ---

z test of coefficients:

                                Estimate Std. Error  z value  Pr(>|z|)    
(Intercept)                   -5.0375920  0.3702557 -13.6057 < 2.2e-16 ***
z_tie_btw                     -0.0214653  0.0526281  -0.4079 0.6833712    
z_tie_emb                     -2.7482241  0.2294442 -11.9777 < 2.2e-16 ***
z_actor_load                  -0.5356526  0.1406163  -3.8093 0.0001393 ***
z_cinc                         0.8705844  0.1214083   7.1707 7.461e-13 ***
era1945-1989                   0.0015735  0.2523672   0.0062 0.9950252    
erapost-1989                  -0.4819183  0.2956474  -1.6300 0.1030921    
dur_binyr2                    -0.5213420  0.1800562  -2.8954 0.0037863 ** 
dur_binyr3                     0.6046717  0.2344806   2.5788 0.0099152 ** 
dur_binyr4-5                  -1.4919124  0.4622250  -3.2277 0.0012480 ** 
dur_binyr6-10                 -1.6671400  0.4757599  -3.5042 0.0004580 ***
dur_binyr11+                  -2.4116250  0.9689980  -2.4888 0.0128181 *  
z_trade_mean                  -0.1075841  0.0986518  -1.0905 0.2754737    
z_dep_asym_max                -0.3526960  0.1428501  -2.4690 0.0135493 *  
z_cap_asym_max                 0.2278447  0.1024969   2.2229 0.0262197 *  
z_dep_asym_max:z_cap_asym_max  0.2639083  0.0833483   3.1663 0.0015438 ** 
---
Signif. codes:  0 ‘***’ 0.001 ‘**’ 0.01 ‘*’ 0.05 ‘.’ 0.1 ‘ ’ 1

N = 6635  AIC = 1839.016 

--- REALIGNMENT (flip) ---

z test of coefficients:

                                 Estimate  Std. Error  z value  Pr(>|z|)    
(Intercept)                   -0.33305308  0.18067432  -1.8434   0.06527 .  
z_tie_btw                     -0.03032768  0.03671514  -0.8260   0.40879    
z_tie_emb                      0.36420667  0.06352136   5.7336 9.832e-09 ***
z_actor_load                   0.13578891  0.06298234   2.1560   0.03108 *  
z_cinc                        -0.40062890  0.04414008  -9.0763 < 2.2e-16 ***
era1945-1989                   0.86419297  0.18165117   4.7574 1.961e-06 ***
erapost-1989                   0.86704601  0.18767995   4.6198 3.841e-06 ***
dur_binyr2                    -0.07102962  0.06742044  -1.0535   0.29210    
dur_binyr3                    -0.78075376  0.10517274  -7.4235 1.140e-13 ***
dur_binyr4-5                  -1.38996038  0.11301814 -12.2986 < 2.2e-16 ***
dur_binyr6-10                 -2.33253301  0.14057750 -16.5925 < 2.2e-16 ***
dur_binyr11+                  -1.76034153  0.12568083 -14.0064 < 2.2e-16 ***
z_trade_mean                   0.25798928  0.04957426   5.2041 1.949e-07 ***
z_dep_asym_max                 0.05201253  0.05796710   0.8973   0.36957    
z_cap_asym_max                -0.19508580  0.03410540  -5.7201 1.065e-08 ***
z_dep_asym_max:z_cap_asym_max -0.00094167  0.02217793  -0.0425   0.96613    
---
Signif. codes:  0 ‘***’ 0.001 ‘**’ 0.01 ‘*’ 0.05 ‘.’ 0.1 ‘ ’ 1

N = 6635  AIC = 8083.285 


============================================================
MODEL 6 [volume check]: + trade_volume_mean + dep_asym_max 
============================================================
--- DISSOLUTION ---

z test of coefficients:

                 Estimate Std. Error  z value  Pr(>|z|)    
(Intercept)    -4.7962557  0.3923456 -12.2246 < 2.2e-16 ***
z_tie_btw      -0.0070343  0.0536688  -0.1311 0.8957216    
z_tie_emb      -2.6845902  0.2300086 -11.6717 < 2.2e-16 ***
z_actor_load   -0.5362371  0.1418063  -3.7815 0.0001559 ***
z_cinc          0.7721667  0.1300847   5.9359 2.923e-09 ***
era1945-1989   -0.0038527  0.2809774  -0.0137 0.9890599    
erapost-1989   -0.5440370  0.3602739  -1.5101 0.1310268    
dur_binyr2     -0.6203605  0.1883304  -3.2940 0.0009877 ***
dur_binyr3      0.6578124  0.2300316   2.8597 0.0042409 ** 
dur_binyr4-5   -1.4930011  0.4517427  -3.3050 0.0009498 ***
dur_binyr6-10  -1.6513689  0.4588184  -3.5992 0.0003192 ***
dur_binyr11+   -2.4050378  0.9634299  -2.4963 0.0125486 *  
z_trade_mean   -0.2228958  0.1134019  -1.9655 0.0493520 *  
z_volume_mean   0.0094297  0.1309408   0.0720 0.9425898    
z_dep_asym_max  0.0028884  0.1272581   0.0227 0.9818917    
---
Signif. codes:  0 ‘***’ 0.001 ‘**’ 0.01 ‘*’ 0.05 ‘.’ 0.1 ‘ ’ 1

N = 6470  AIC = 1778.122 

--- REALIGNMENT (flip) ---

z test of coefficients:

                Estimate Std. Error  z value  Pr(>|z|)    
(Intercept)    -0.592636   0.201181  -2.9458 0.0032214 ** 
z_tie_btw      -0.044002   0.036507  -1.2053 0.2280793    
z_tie_emb       0.390386   0.064088   6.0914 1.119e-09 ***
z_actor_load    0.157336   0.066505   2.3658 0.0179917 *  
z_cinc         -0.256963   0.049329  -5.2091 1.897e-07 ***
era1945-1989    1.084311   0.202849   5.3454 9.021e-08 ***
erapost-1989    1.170590   0.211412   5.5370 3.077e-08 ***
dur_binyr2     -0.095217   0.067439  -1.4119 0.1579793    
dur_binyr3     -0.776773   0.105020  -7.3964 1.399e-13 ***
dur_binyr4-5   -1.371315   0.111468 -12.3023 < 2.2e-16 ***
dur_binyr6-10  -2.312331   0.141201 -16.3761 < 2.2e-16 ***
dur_binyr11+   -1.725903   0.129762 -13.3005 < 2.2e-16 ***
z_trade_mean    0.341847   0.053239   6.4210 1.354e-10 ***
z_volume_mean  -0.148518   0.042745  -3.4745 0.0005117 ***
z_dep_asym_max -0.076775   0.034250  -2.2416 0.0249845 *  
---
Signif. codes:  0 ‘***’ 0.001 ‘**’ 0.01 ‘*’ 0.05 ‘.’ 0.1 ‘ ’ 1

N = 6470  AIC = 7923.736 


============================================================
MODEL 7 [volume check]: + trade_volume_max (worst-tie) + dep_asym_max 
============================================================
--- DISSOLUTION ---

z test of coefficients:

                 Estimate Std. Error  z value  Pr(>|z|)    
(Intercept)    -4.9679688  0.3912140 -12.6989 < 2.2e-16 ***
z_tie_btw      -0.0011193  0.0538691  -0.0208 0.9834224    
z_tie_emb      -2.6839840  0.2299728 -11.6709 < 2.2e-16 ***
z_actor_load   -0.5475901  0.1432814  -3.8218 0.0001325 ***
z_cinc          0.8322857  0.1245390   6.6829 2.342e-11 ***
era1945-1989    0.1135432  0.2774661   0.4092 0.6823821    
erapost-1989   -0.3209640  0.3450343  -0.9302 0.3522480    
dur_binyr2     -0.6348953  0.1883582  -3.3707 0.0007498 ***
dur_binyr3      0.6330133  0.2288262   2.7664 0.0056688 ** 
dur_binyr4-5   -1.5138007  0.4536257  -3.3371 0.0008465 ***
dur_binyr6-10  -1.6324023  0.4542758  -3.5934 0.0003264 ***
dur_binyr11+   -2.3680433  0.9620663  -2.4614 0.0138391 *  
z_trade_mean   -0.1765159  0.1117772  -1.5792 0.1142956    
z_volume_max   -0.1246999  0.1251786  -0.9962 0.3191646    
z_dep_asym_max  0.0057799  0.1270648   0.0455 0.9637188    
---
Signif. codes:  0 ‘***’ 0.001 ‘**’ 0.01 ‘*’ 0.05 ‘.’ 0.1 ‘ ’ 1

N = 6470  AIC = 1776.807 

--- REALIGNMENT (flip) ---

z test of coefficients:

                Estimate Std. Error  z value  Pr(>|z|)    
(Intercept)    -0.586594   0.204155  -2.8733  0.004062 ** 
z_tie_btw      -0.041923   0.036541  -1.1473  0.251259    
z_tie_emb       0.389938   0.063797   6.1122 9.827e-10 ***
z_actor_load    0.153918   0.066379   2.3188  0.020407 *  
z_cinc         -0.277797   0.047693  -5.8247 5.720e-09 ***
era1945-1989    1.079035   0.205022   5.2630 1.417e-07 ***
erapost-1989    1.164868   0.215070   5.4162 6.087e-08 ***
dur_binyr2     -0.090737   0.067394  -1.3464  0.178183    
dur_binyr3     -0.775879   0.105051  -7.3857 1.516e-13 ***
dur_binyr4-5   -1.376141   0.111647 -12.3259 < 2.2e-16 ***
dur_binyr6-10  -2.319256   0.140646 -16.4900 < 2.2e-16 ***
dur_binyr11+   -1.727959   0.124579 -13.8704 < 2.2e-16 ***
z_trade_mean    0.348137   0.055561   6.2659 3.707e-10 ***
z_volume_max   -0.138699   0.043692  -3.1745  0.001501 ** 
z_dep_asym_max -0.067148   0.034702  -1.9350  0.052994 .  
---
Signif. codes:  0 ‘***’ 0.001 ‘**’ 0.01 ‘*’ 0.05 ‘.’ 0.1 ‘ ’ 1

N = 6470  AIC = 7926.703 


=== LRT: does adding dep_asym_max improve fit over trade-dependence-only model? ===
--- Dissolution ---
Analysis of Deviance Table

Model 1: event_dissolve ~ z_tie_btw + z_tie_emb + z_actor_load + z_cinc + 
    era + dur_bin + z_trade_mean
Model 2: event_dissolve ~ z_tie_btw + z_tie_emb + z_actor_load + z_cinc + 
    era + dur_bin + z_trade_mean + z_dep_asym_max
  Resid. Df Resid. Dev Df  Deviance Pr(>Chi)
1      6622     1824.7                      
2      6621     1824.7  1 0.0055339   0.9407
--- Realignment ---
Analysis of Deviance Table

Model 1: event_flip ~ z_tie_btw + z_tie_emb + z_actor_load + z_cinc + 
    era + dur_bin + z_trade_mean
Model 2: event_flip ~ z_tie_btw + z_tie_emb + z_actor_load + z_cinc + 
    era + dur_bin + z_trade_mean + z_dep_asym_max
  Resid. Df Resid. Dev Df Deviance Pr(>Chi)  
1      6622     8089.1                       
2      6621     8083.5  1   5.6273  0.01768 *
---
Signif. codes:  0 ‘***’ 0.001 ‘**’ 0.01 ‘*’ 0.05 ‘.’ 0.1 ‘ ’ 1


============================================================
MODEL H4-split: any_exposed_weaker == TRUE (small/dependent state IS the weaker one) 
============================================================
--- DISSOLUTION ---

z test of coefficients:

                Estimate Std. Error  z value  Pr(>|z|)    
(Intercept)    -4.852283   0.362315 -13.3924 < 2.2e-16 ***
z_tie_btw      -0.013045   0.055551  -0.2348 0.8143382    
z_tie_emb      -2.787481   0.231826 -12.0240 < 2.2e-16 ***
z_actor_load   -0.596836   0.151527  -3.9388 8.189e-05 ***
z_cinc          0.762622   0.126974   6.0061 1.900e-09 ***
era1945-1989   -0.011417   0.260047  -0.0439 0.9649825    
erapost-1989   -0.576324   0.309330  -1.8631 0.0624434 .  
dur_binyr2     -0.561868   0.190010  -2.9570 0.0031061 ** 
dur_binyr3      0.683411   0.228505   2.9908 0.0027825 ** 
dur_binyr4-5   -1.566526   0.486092  -3.2227 0.0012699 ** 
dur_binyr6-10  -1.641185   0.464933  -3.5299 0.0004157 ***
dur_binyr11+   -2.398243   0.964963  -2.4853 0.0129434 *  
z_trade_mean   -0.248041   0.110781  -2.2390 0.0251548 *  
z_dep_asym_max  0.012018   0.129465   0.0928 0.9260411    
---
Signif. codes:  0 ‘***’ 0.001 ‘**’ 0.01 ‘*’ 0.05 ‘.’ 0.1 ‘ ’ 1

N = 6304  AIC = 1744.651 

--- REALIGNMENT (flip) ---

z test of coefficients:

                Estimate Std. Error  z value  Pr(>|z|)    
(Intercept)    -0.352222   0.183945  -1.9148  0.055515 .  
z_tie_btw      -0.042165   0.037286  -1.1309  0.258113    
z_tie_emb       0.390774   0.067880   5.7569 8.570e-09 ***
z_actor_load    0.185669   0.070588   2.6303  0.008530 ** 
z_cinc         -0.356257   0.044273  -8.0468 8.497e-16 ***
era1945-1989    0.894526   0.187942   4.7596 1.940e-06 ***
erapost-1989    0.875828   0.192492   4.5499 5.366e-06 ***
dur_binyr2     -0.071915   0.068380  -1.0517  0.292938    
dur_binyr3     -0.807513   0.107500  -7.5118 5.834e-14 ***
dur_binyr4-5   -1.360800   0.116042 -11.7268 < 2.2e-16 ***
dur_binyr6-10  -2.280523   0.143360 -15.9076 < 2.2e-16 ***
dur_binyr11+   -1.763310   0.122412 -14.4047 < 2.2e-16 ***
z_trade_mean    0.306333   0.049137   6.2343 4.538e-10 ***
z_dep_asym_max -0.090757   0.034472  -2.6328  0.008469 ** 
---
Signif. codes:  0 ‘***’ 0.001 ‘**’ 0.01 ‘*’ 0.05 ‘.’ 0.1 ‘ ’ 1

N = 6304  AIC = 7706.578 


============================================================
MODEL H4-split: any_exposed_weaker == FALSE (asymmetric dependence without capability gap) 
============================================================
--- DISSOLUTION ---

z test of coefficients:

                 Estimate Std. Error  z value  Pr(>|z|)    
(Intercept)     -4.396127   1.446324  -3.0395  0.002370 ** 
z_tie_btw       -0.164256   0.380830  -0.4313  0.666243    
z_tie_emb       -2.050811   0.987802  -2.0761  0.037881 *  
z_actor_load    -0.338425   0.433164  -0.7813  0.434634    
z_cinc           1.056177   0.349418   3.0227  0.002505 ** 
era1945-1989    -0.184628   0.929884  -0.1985  0.842615    
erapost-1989    -0.458113   1.342907  -0.3411  0.733002    
dur_binyr2       0.017032   0.804291   0.0212  0.983105    
dur_binyr3      -1.850630   2.207694  -0.8383  0.401882    
dur_binyr4-5    -0.162241   0.694665  -0.2336  0.815332    
dur_binyr6-10  -13.985401   0.787643 -17.7560 < 2.2e-16 ***
dur_binyr11+   -14.861878   0.865403 -17.1734 < 2.2e-16 ***
z_trade_mean     0.866844   0.458545   1.8904  0.058701 .  
z_dep_asym_max  -1.589009   0.795962  -1.9963  0.045897 *  
---
Signif. codes:  0 ‘***’ 0.001 ‘**’ 0.01 ‘*’ 0.05 ‘.’ 0.1 ‘ ’ 1

N = 331  AIC = 120.0757 

--- REALIGNMENT (flip) ---

z test of coefficients:

                Estimate Std. Error z value  Pr(>|z|)    
(Intercept)    -0.283140   1.341993 -0.2110   0.83290    
z_tie_btw      -0.064817   0.175729 -0.3688   0.71224    
z_tie_emb       0.044334   0.394850  0.1123   0.91060    
z_actor_load   -0.180268   0.329970 -0.5463   0.58485    
z_cinc         -0.571122   0.197938 -2.8854   0.00391 ** 
era1945-1989    1.610318   1.277554  1.2605   0.20750    
erapost-1989    2.327699   1.307228  1.7806   0.07497 .  
dur_binyr2     -0.050060   0.338605 -0.1478   0.88247    
dur_binyr3     -0.597265   0.516635 -1.1561   0.24765    
dur_binyr4-5   -1.751568   0.545407 -3.2115   0.00132 ** 
dur_binyr6-10  -3.041905   0.754253 -4.0330 5.507e-05 ***
dur_binyr11+   -0.610231   0.307242 -1.9862   0.04702 *  
z_trade_mean   -0.894204   0.570874 -1.5664   0.11726    
z_dep_asym_max  2.944354   1.734213  1.6978   0.08954 .  
---
Signif. codes:  0 ‘***’ 0.001 ‘**’ 0.01 ‘*’ 0.05 ‘.’ 0.1 ‘ ’ 1

N = 331  AIC = 401.8675 


04_hazard_models.R complete. See results/hazard_models_output.txt
