Realignment events: 5419 
Single-tie-change events: 5414 of 5419 (99.9%)

Single-tie-change events with all 3 ties having valid trade data: 3456 of 5414 (63.8%)

Long-format rows (3 per event): 10368  | events: 3456 
Realignment events: 5419  | single-tie-change: 5414  (99.9%)
Single-tie-change events with all 3 ties trade-valid: 3456  (63.8% of single-tie-change events)
Long-format rows: 10368  events: 3456 

=== BASELINE: does the changed tie have the highest unbalanced load? (reproduces parent H2) ===
Call:
coxph(formula = Surv(rep(1, 10368L), changed) ~ z_unbal_load + 
    strata(event_id), data = long, method = "exact")

  n= 10368, number of events= 3456 

                 coef exp(coef) se(coef)     z Pr(>|z|)    
z_unbal_load  2.96950  19.48227  0.08649 34.33   <2e-16 ***
---
Signif. codes:  0 ‘***’ 0.001 ‘**’ 0.01 ‘*’ 0.05 ‘.’ 0.1 ‘ ’ 1

             exp(coef) exp(-coef) lower .95 upper .95
z_unbal_load     19.48    0.05133     16.44     23.08

Concordance= 0.967  (se = 0.003 )
Likelihood ratio test= 6100  on 1 df,   p=<2e-16
Wald test            = 1179  on 1 df,   p=<2e-16
Score (logrank) test = 4899  on 1 df,   p=<2e-16



=== does dep_asymmetry alone predict which tie changes? ===
Call:
coxph(formula = Surv(rep(1, 10368L), changed) ~ z_unbal_load + 
    z_dep_asym + strata(event_id), data = long, method = "exact")

  n= 10368, number of events= 3456 

                 coef exp(coef) se(coef)      z Pr(>|z|)    
z_unbal_load  2.94991  19.10422  0.08631 34.179  < 2e-16 ***
z_dep_asym    0.28128   1.32482  0.06638  4.238 2.26e-05 ***
---
Signif. codes:  0 ‘***’ 0.001 ‘**’ 0.01 ‘*’ 0.05 ‘.’ 0.1 ‘ ’ 1

             exp(coef) exp(-coef) lower .95 upper .95
z_unbal_load    19.104    0.05234    16.131    22.625
z_dep_asym       1.325    0.75482     1.163     1.509

Concordance= 0.967  (se = 0.003 )
Likelihood ratio test= 6119  on 2 df,   p=<2e-16
Wald test            = 1183  on 2 df,   p=<2e-16
Score (logrank) test = 4900  on 2 df,   p=<2e-16



=== H3 PRIMARY: unbal_load x dep_asymmetry interaction ===
Call:
coxph(formula = Surv(rep(1, 10368L), changed) ~ z_unbal_load * 
    z_dep_asym + z_emb + strata(event_id), data = long, method = "exact")

  n= 10368, number of events= 3456 

                            coef exp(coef) se(coef)      z Pr(>|z|)    
z_unbal_load             2.97261  19.54288  0.08749 33.976  < 2e-16 ***
z_dep_asym               0.25472   1.29010  0.07057  3.609 0.000307 ***
z_emb                   -0.73098   0.48143  0.23803 -3.071 0.002134 ** 
z_unbal_load:z_dep_asym -0.13993   0.86942  0.09294 -1.506 0.132168    
---
Signif. codes:  0 ‘***’ 0.001 ‘**’ 0.01 ‘*’ 0.05 ‘.’ 0.1 ‘ ’ 1

                        exp(coef) exp(-coef) lower .95 upper .95
z_unbal_load              19.5429    0.05117   16.4632   23.1986
z_dep_asym                 1.2901    0.77513    1.1234    1.4815
z_emb                      0.4814    2.07713    0.3019    0.7676
z_unbal_load:z_dep_asym    0.8694    1.15020    0.7246    1.0431

Concordance= 0.969  (se = 0.003 )
Likelihood ratio test= 6131  on 4 df,   p=<2e-16
Wald test            = 1178  on 4 df,   p=<2e-16
Score (logrank) test = 5100  on 4 df,   p=<2e-16



=== H4: + capability asymmetry (additive) ===
Call:
coxph(formula = Surv(rep(1, 10368L), changed) ~ z_unbal_load * 
    z_dep_asym + z_emb + z_cap_asym + strata(event_id), data = long, 
    method = "exact")

  n= 10368, number of events= 3456 

                            coef exp(coef) se(coef)      z Pr(>|z|)    
z_unbal_load             2.96502  19.39514  0.08745 33.905  < 2e-16 ***
z_dep_asym               0.28376   1.32811  0.07388  3.841 0.000123 ***
z_emb                   -0.75545   0.46980  0.23840 -3.169 0.001530 ** 
z_cap_asym              -0.11957   0.88730  0.07700 -1.553 0.120476    
z_unbal_load:z_dep_asym -0.13645   0.87245  0.09321 -1.464 0.143207    
---
Signif. codes:  0 ‘***’ 0.001 ‘**’ 0.01 ‘*’ 0.05 ‘.’ 0.1 ‘ ’ 1

                        exp(coef) exp(-coef) lower .95 upper .95
z_unbal_load              19.3951    0.05156   16.3401   23.0213
z_dep_asym                 1.3281    0.75295    1.1491    1.5350
z_emb                      0.4698    2.12858    0.2944    0.7496
z_cap_asym                 0.8873    1.12701    0.7630    1.0319
z_unbal_load:z_dep_asym    0.8725    1.14619    0.7268    1.0473

Concordance= 0.969  (se = 0.003 )
Likelihood ratio test= 6133  on 5 df,   p=<2e-16
Wald test            = 1179  on 5 df,   p=<2e-16
Score (logrank) test = 5104  on 5 df,   p=<2e-16



=== H4: full 3-way interaction (unbal_load x dep_asym x cap_asym) ===
Call:
coxph(formula = Surv(rep(1, 10368L), changed) ~ z_unbal_load * 
    z_dep_asym * z_cap_asym + z_emb + strata(event_id), data = long, 
    method = "exact")

  n= 10368, number of events= 3456 

                                       coef exp(coef) se(coef)      z Pr(>|z|)
z_unbal_load                        3.02281  20.54897  0.09809 30.816  < 2e-16
z_dep_asym                          0.36117   1.43501  0.09444  3.824 0.000131
z_cap_asym                         -0.11634   0.89017  0.07786 -1.494 0.135097
z_emb                              -0.77280   0.46172  0.24354 -3.173 0.001508
z_unbal_load:z_dep_asym             0.11849   1.12580  0.17611  0.673 0.501055
z_unbal_load:z_cap_asym            -0.06250   0.93941  0.11017 -0.567 0.570506
z_dep_asym:z_cap_asym              -0.05206   0.94927  0.06263 -0.831 0.405858
z_unbal_load:z_dep_asym:z_cap_asym -0.11907   0.88775  0.07583 -1.570 0.116364
                                      
z_unbal_load                       ***
z_dep_asym                         ***
z_cap_asym                            
z_emb                              ** 
z_unbal_load:z_dep_asym               
z_unbal_load:z_cap_asym               
z_dep_asym:z_cap_asym                 
z_unbal_load:z_dep_asym:z_cap_asym    
---
Signif. codes:  0 ‘***’ 0.001 ‘**’ 0.01 ‘*’ 0.05 ‘.’ 0.1 ‘ ’ 1

                                   exp(coef) exp(-coef) lower .95 upper .95
z_unbal_load                         20.5490    0.04866   16.9548   24.9050
z_dep_asym                            1.4350    0.69686    1.1925    1.7268
z_cap_asym                            0.8902    1.12338    0.7642    1.0369
z_emb                                 0.4617    2.16583    0.2865    0.7442
z_unbal_load:z_dep_asym               1.1258    0.88826    0.7972    1.5899
z_unbal_load:z_cap_asym               0.9394    1.06450    0.7570    1.1658
z_dep_asym:z_cap_asym                 0.9493    1.05344    0.8396    1.0733
z_unbal_load:z_dep_asym:z_cap_asym    0.8877    1.12645    0.7651    1.0300

Concordance= 0.969  (se = 0.003 )
Likelihood ratio test= 6137  on 8 df,   p=<2e-16
Wald test            = 1182  on 8 df,   p=<2e-16
Score (logrank) test = 5128  on 8 df,   p=<2e-16



=== volume check: does dep_asym's effect survive controlling for absolute trade volume? ===
Correlation, dep_asymmetry vs. log_trade_volume (within long-format tie rows): 0.445 
Call:
coxph(formula = Surv(rep(1, 10368L), changed) ~ z_unbal_load + 
    z_dep_asym + z_volume + z_emb + strata(event_id), data = long, 
    method = "exact")

  n= 8666, number of events= 3038 
   (1702 observations deleted due to missingness)

                 coef exp(coef) se(coef)      z Pr(>|z|)    
z_unbal_load  3.02469  20.58755  0.10696 28.280  < 2e-16 ***
z_dep_asym    0.21008   1.23378  0.08181  2.568  0.01023 *  
z_volume      0.28016   1.32334  0.10826  2.588  0.00966 ** 
z_emb        -0.76595   0.46489  0.26227 -2.920  0.00349 ** 
---
Signif. codes:  0 ‘***’ 0.001 ‘**’ 0.01 ‘*’ 0.05 ‘.’ 0.1 ‘ ’ 1

             exp(coef) exp(-coef) lower .95 upper .95
z_unbal_load   20.5875    0.04857    16.694   25.3890
z_dep_asym      1.2338    0.81052     1.051    1.4483
z_volume        1.3233    0.75566     1.070    1.6361
z_emb           0.4649    2.15104     0.278    0.7773

Concordance= 0.972  (se = 0.004 )
Likelihood ratio test= 4808  on 4 df,   p=<2e-16
Wald test            = 814  on 4 df,   p=<2e-16
Score (logrank) test = 3767  on 4 df,   p=<2e-16



05_h3_displacement.R complete. See results/h3_displacement_output.txt
