=== PART A: bloc fixed effects ===
Distinct bloc categories (incl. 'none'): 13 
# A tibble: 10 × 2
   primary_bloc     n
   <chr>        <int>
 1 199           1909
 2 210           1730
 3 none           982
 4 227            735
 5 349            470
 6 318            397
 7 398            143
 8 267            126
 9 407             47
10 350             38
Bloc categories after collapsing rare ones (<20 obs) into 'other_bloc': 13 



=== PART B: two-way clustering on H3 (event-level bloc tagging) ===
Realignment events by bloc:
# A tibble: 10 × 2
   primary_bloc     n
   <chr>        <int>
 1 199           1228
 2 210           1008
 3 227            355
 4 318            275
 5 none           219
 6 349            151
 7 398             98
 8 407             39
 9 267             38
10 243             18
=== PART A: H2 bloc fixed effects ===
Bloc categories (after collapsing rare ones): 13 

--- DISSOLUTION, no bloc FE ---

z test of coefficients:

                 Estimate Std. Error  z value  Pr(>|z|)    
(Intercept)    -4.7704473  0.3516169 -13.5672 < 2.2e-16 ***
z_tie_btw      -0.0124144  0.0534737  -0.2322 0.8164149    
z_tie_emb      -2.7069739  0.2252430 -12.0180 < 2.2e-16 ***
z_actor_load   -0.5557094  0.1383441  -4.0169 5.898e-05 ***
z_cinc          0.7816765  0.1156020   6.7618 1.363e-11 ***
era1945-1989   -0.0255649  0.2506964  -0.1020 0.9187760    
erapost-1989   -0.5856640  0.3004503  -1.9493 0.0512611 .  
dur_binyr2     -0.5337556  0.1804837  -2.9574 0.0031028 ** 
dur_binyr3      0.6047994  0.2346049   2.5779 0.0099389 ** 
dur_binyr4-5   -1.4920154  0.4508840  -3.3091 0.0009360 ***
dur_binyr6-10  -1.6452737  0.4599361  -3.5772 0.0003473 ***
dur_binyr11+   -2.4078656  0.9633106  -2.4996 0.0124343 *  
z_trade_mean   -0.2350051  0.1076008  -2.1840 0.0289588 *  
z_dep_asym_max -0.0063909  0.1269746  -0.0503 0.9598579    
---
Signif. codes:  0 ‘***’ 0.001 ‘**’ 0.01 ‘*’ 0.05 ‘.’ 0.1 ‘ ’ 1


--- DISSOLUTION, WITH bloc FE ---

z test of coefficients:

                     Estimate  Std. Error  z value  Pr(>|z|)    
(Intercept)        -2.1484506   0.5168931  -4.1565 3.232e-05 ***
z_tie_btw          -0.0050386   0.0417579  -0.1207 0.9039591    
z_tie_emb          -1.0464469   0.2167256  -4.8284 1.376e-06 ***
z_actor_load       -0.2046119   0.0941891  -2.1724 0.0298291 *  
z_cinc              0.4529259   0.1183022   3.8285 0.0001289 ***
era1945-1989        0.0097135   0.2461070   0.0395 0.9685167    
erapost-1989       -0.3875262   0.2750161  -1.4091 0.1588045    
dur_binyr2         -0.5654528   0.1741760  -3.2464 0.0011686 ** 
dur_binyr3          0.3505647   0.2505469   1.3992 0.1617536    
dur_binyr4-5       -1.6757177   0.3945417  -4.2473 2.164e-05 ***
dur_binyr6-10      -1.6233575   0.4516469  -3.5943 0.0003253 ***
dur_binyr11+       -2.3024401   0.8727718  -2.6381 0.0083377 ** 
z_trade_mean       -0.1522000   0.0974655  -1.5616 0.1183875    
z_dep_asym_max     -0.0266481   0.0972181  -0.2741 0.7840033    
bloc_fe199         -3.6325518   0.6461110  -5.6222 1.886e-08 ***
bloc_fe210         -1.8898946   0.6678351  -2.8299 0.0046565 ** 
bloc_fe227        -18.7471293   0.4849703 -38.6562 < 2.2e-16 ***
bloc_fe243         -1.3395140   0.9345799  -1.4333 0.1517780    
bloc_fe267         -0.0165379   0.4931872  -0.0335 0.9732498    
bloc_fe318         -2.4566591   0.7796365  -3.1510 0.0016269 ** 
bloc_fe349        -18.2954180   0.5080894 -36.0083 < 2.2e-16 ***
bloc_fe350        -19.0826493   0.5435402 -35.1081 < 2.2e-16 ***
bloc_fe398        -18.5010308   0.5297988 -34.9209 < 2.2e-16 ***
bloc_fe407        -18.8176366   0.5355308 -35.1383 < 2.2e-16 ***
bloc_fenone         0.2617344   0.4488120   0.5832 0.5597778    
bloc_feother_bloc -19.0739645   0.6075074 -31.3971 < 2.2e-16 ***
---
Signif. codes:  0 ‘***’ 0.001 ‘**’ 0.01 ‘*’ 0.05 ‘.’ 0.1 ‘ ’ 1


--- LRT: bloc FE jointly significant (dissolution)? ---
Analysis of Deviance Table

Model 1: event_dissolve ~ z_tie_btw + z_tie_emb + z_actor_load + z_cinc + 
    era + dur_bin + z_trade_mean + z_dep_asym_max
Model 2: event_dissolve ~ z_tie_btw + z_tie_emb + z_actor_load + z_cinc + 
    era + dur_bin + z_trade_mean + z_dep_asym_max + bloc_fe
  Resid. Df Resid. Dev Df Deviance  Pr(>Chi)    
1      6621     1824.7                          
2      6609     1559.9 12   264.81 < 2.2e-16 ***
---
Signif. codes:  0 ‘***’ 0.001 ‘**’ 0.01 ‘*’ 0.05 ‘.’ 0.1 ‘ ’ 1


--- REALIGNMENT, no bloc FE ---

z test of coefficients:

                Estimate Std. Error  z value  Pr(>|z|)    
(Intercept)    -0.417846   0.180902  -2.3098   0.02090 *  
z_tie_btw      -0.037563   0.036139  -1.0394   0.29861    
z_tie_emb       0.376215   0.065002   5.7877 7.134e-09 ***
z_actor_load    0.175775   0.066947   2.6256   0.00865 ** 
z_cinc         -0.357462   0.042448  -8.4213 < 2.2e-16 ***
era1945-1989    0.946589   0.183974   5.1452 2.672e-07 ***
erapost-1989    0.959804   0.188900   5.0810 3.754e-07 ***
dur_binyr2     -0.081461   0.066438  -1.2261   0.22016    
dur_binyr3     -0.800842   0.104008  -7.6998 1.363e-14 ***
dur_binyr4-5   -1.405492   0.112488 -12.4946 < 2.2e-16 ***
dur_binyr6-10  -2.329129   0.138907 -16.7676 < 2.2e-16 ***
dur_binyr11+   -1.742758   0.122437 -14.2339 < 2.2e-16 ***
z_trade_mean    0.297532   0.048532   6.1306 8.754e-10 ***
z_dep_asym_max -0.080706   0.034402  -2.3460   0.01898 *  
---
Signif. codes:  0 ‘***’ 0.001 ‘**’ 0.01 ‘*’ 0.05 ‘.’ 0.1 ‘ ’ 1


--- REALIGNMENT, WITH bloc FE ---

z test of coefficients:

                    Estimate Std. Error  z value  Pr(>|z|)    
(Intercept)       -0.0117253  0.3502483  -0.0335   0.97329    
z_tie_btw         -0.0090512  0.0393040  -0.2303   0.81787    
z_tie_emb          0.4330567  0.0858457   5.0446 4.545e-07 ***
z_actor_load       0.0920279  0.0555275   1.6573   0.09745 .  
z_cinc            -0.3788699  0.0456540  -8.2987 < 2.2e-16 ***
era1945-1989       0.0944354  0.2174112   0.4344   0.66402    
erapost-1989      -0.0019933  0.2223629  -0.0090   0.99285    
dur_binyr2        -0.0522416  0.0674842  -0.7741   0.43885    
dur_binyr3        -0.6626279  0.1064581  -6.2243 4.837e-10 ***
dur_binyr4-5      -1.1952431  0.1151783 -10.3773 < 2.2e-16 ***
dur_binyr6-10     -2.1863887  0.1482615 -14.7468 < 2.2e-16 ***
dur_binyr11+      -1.6114157  0.1060816 -15.1903 < 2.2e-16 ***
z_trade_mean       0.3657304  0.0548989   6.6619 2.703e-11 ***
z_dep_asym_max     0.0142560  0.0354234   0.4024   0.68736    
bloc_fe199         1.0077626  0.3965289   2.5415   0.01104 *  
bloc_fe210        -0.0233096  0.4140709  -0.0563   0.95511    
bloc_fe227         0.7016774  0.4063122   1.7269   0.08418 .  
bloc_fe243         2.2485396  0.9216111   2.4398   0.01470 *  
bloc_fe267         0.0532245  0.4530663   0.1175   0.90648    
bloc_fe318         0.8667275  0.4032957   2.1491   0.03163 *  
bloc_fe349         0.2625635  0.4219749   0.6222   0.53379    
bloc_fe350        -0.0672425  0.5547786  -0.1212   0.90353    
bloc_fe398         1.3264221  0.4621095   2.8704   0.00410 ** 
bloc_fe407         1.9084589  0.4870894   3.9181 8.925e-05 ***
bloc_fenone       -0.2517262  0.3807577  -0.6611   0.50854    
bloc_feother_bloc  0.9407534  0.5821859   1.6159   0.10612    
---
Signif. codes:  0 ‘***’ 0.001 ‘**’ 0.01 ‘*’ 0.05 ‘.’ 0.1 ‘ ’ 1


--- LRT: bloc FE jointly significant (realignment)? ---
Analysis of Deviance Table

Model 1: event_flip ~ z_tie_btw + z_tie_emb + z_actor_load + z_cinc + 
    era + dur_bin + z_trade_mean + z_dep_asym_max
Model 2: event_flip ~ z_tie_btw + z_tie_emb + z_actor_load + z_cinc + 
    era + dur_bin + z_trade_mean + z_dep_asym_max + bloc_fe
  Resid. Df Resid. Dev Df Deviance  Pr(>Chi)    
1      6621     8083.5                          
2      6609     7777.6 12   305.91 < 2.2e-16 ***
---
Signif. codes:  0 ‘***’ 0.001 ‘**’ 0.01 ‘*’ 0.05 ‘.’ 0.1 ‘ ’ 1


=== PART B: H3 two-way (triad + bloc) clustering ===
Single-tie-change events used: 3456 

--- 1-way (triad only) ---

z test of coefficients:

              Estimate Std. Error z value  Pr(>|z|)    
z_unbal_load  2.976368   0.147672 20.1553 < 2.2e-16 ***
z_dep_asym    0.300622   0.071614  4.1978 2.695e-05 ***
z_emb        -0.745388   0.215790 -3.4542 0.0005519 ***
---
Signif. codes:  0 ‘***’ 0.001 ‘**’ 0.01 ‘*’ 0.05 ‘.’ 0.1 ‘ ’ 1


--- 2-way (triad + bloc) ---

z test of coefficients:

              Estimate Std. Error z value  Pr(>|z|)    
z_unbal_load  2.976368   0.346815  8.5820 < 2.2e-16 ***
z_dep_asym    0.300622   0.089048  3.3759 0.0007356 ***
z_emb        -0.745388   0.192875 -3.8646 0.0001113 ***
---
Signif. codes:  0 ‘***’ 0.001 ‘**’ 0.01 ‘*’ 0.05 ‘.’ 0.1 ‘ ’ 1



07_bloc_fe_and_h3_clustering.R complete.
