N events: 3456 

=== Naive: changed tie has MAX dep_asymmetry, all events ===
52.1% (null = 33.3%)

	Exact binomial test

data:  sum(s$is_max, na.rm = TRUE) and sum(!is.na(s$is_max))
number of successes = 1802, number of trials = 3456, p-value < 2.2e-16
alternative hypothesis: true probability of success is not equal to 0.3333333
95 percent confidence interval:
 0.5046006 0.5381872
sample estimates:
probability of success 
              0.521412 


Distinctness of dep_asymmetry across a triad's 3 ties:
all 3 distinct: 87.7 %
exactly 2 distinct: 10.2 %
all equal: 2.2 %

=== PRIMARY: restricted to events with all 3 values distinct, n=3030 ===
50.5% (null = 33.3%)

	Exact binomial test

data:  sum(strict3$is_max) and nrow(strict3)
number of successes = 1529, number of trials = 3030, p-value < 2.2e-16
alternative hypothesis: true probability of success is not equal to 0.3333333
95 percent confidence interval:
 0.4866559 0.5225761
sample estimates:
probability of success 
             0.5046205 



12_substantive_magnitude.R complete.
