Triad composition at t1 (number of negative ties before the change):

   1    3 
3437   19 

Unique dyad_ids among candidate ties: 1063 of 10368 long rows | max repeats of one dyad: 129 

Unique state_low: 126  state_high: 133 
=== Triad composition (n_neg_t1) ===

   1    3 
3437   19 

=== Diagnostic: is the pre-existing negative tie more trade-asymmetric than the positive ties? ===
Mean asymmetry, negative tie: 0.0582  | positive ties (mean): 0.036 

	Paired t-test

data:  one_neg$neg_asym and one_neg$pos_asym_mean
t = 11.131, df = 3436, p-value < 2.2e-16
alternative hypothesis: true mean difference is not equal to 0
95 percent confidence interval:
 0.01824058 0.02604034
sample estimates:
mean difference 
     0.02214046 



=== TEST A: pos_to_neg events, choice restricted to the 2 originally-positive ties (n=117 events) ===
--- Conditional logit ---

z test of coefficients:

             Estimate Std. Error z value  Pr(>|z|)    
z_unbal_load  0.76296    0.19938  3.8267 0.0001299 ***
z_dep_asym    0.33976    0.17115  1.9851 0.0471318 *  
z_emb        -0.80871    0.39909 -2.0264 0.0427260 *  
---
Signif. codes:  0 ‘***’ 0.001 ‘**’ 0.01 ‘*’ 0.05 ‘.’ 0.1 ‘ ’ 1


--- Naive rank comparison (of the 2 positive ties, did the more-asymmetric one change?) ---
48.6 % (n= 111 , null=50%)

	Exact binomial test

data:  sum(p2n_check$higher_asym_changed, na.rm = TRUE) and sum(!is.na(p2n_check$higher_asym_changed))
number of successes = 54, number of trials = 111, p-value = 0.8496
alternative hypothesis: true probability of success is not equal to 0.5
95 percent confidence interval:
 0.3904918 0.5832200
sample estimates:
probability of success 
             0.4864865 



=== TEST B: three-negative triads (n=19 events) ===
73.7 % (null=33.3%)

	Exact binomial test

data:  sum(three_neg$is_max, na.rm = TRUE) and sum(!is.na(three_neg$is_max))
number of successes = 14, number of trials = 19, p-value = 0.0003808
alternative hypothesis: true probability of success is not equal to 0.3333333
95 percent confidence interval:
 0.4879707 0.9085342
sample estimates:
probability of success 
             0.7368421 



=== MAIN TEST: full sample (n=3,456), + initial_negative control ===

z test of coefficients:

                 Estimate Std. Error z value  Pr(>|z|)    
z_unbal_load     0.923615   0.165700  5.5740 2.489e-08 ***
z_dep_asym       0.393902   0.070343  5.5997 2.147e-08 ***
z_emb            0.223682   0.206339  1.0840    0.2783    
initial_negative 2.749438   0.212352 12.9475 < 2.2e-16 ***
---
Signif. codes:  0 ‘***’ 0.001 ‘**’ 0.01 ‘*’ 0.05 ‘.’ 0.1 ‘ ’ 1


=== Interaction: asymmetry x initial_negative ===

z test of coefficients:

                            Estimate Std. Error z value  Pr(>|z|)    
z_unbal_load                0.924296   0.165983  5.5686 2.567e-08 ***
z_dep_asym                  0.387714   0.073628  5.2659 1.395e-07 ***
initial_negative            2.750693   0.212974 12.9156 < 2.2e-16 ***
z_emb                       0.223012   0.207855  1.0729    0.2833    
z_dep_asym:initial_negative 0.042465   0.190012  0.2235    0.8232    
---
Signif. codes:  0 ‘***’ 0.001 ‘**’ 0.01 ‘*’ 0.05 ‘.’ 0.1 ‘ ’ 1



=== DYAD-LEVEL CLUSTERING (main baseline model, no initial_negative) ===
Unique dyads: 1063  | max repeats: 129 
--- triad-clustered ---

z test of coefficients:

              Estimate Std. Error z value  Pr(>|z|)    
z_unbal_load  2.976368   0.147672 20.1553 < 2.2e-16 ***
z_dep_asym    0.300622   0.071614  4.1978 2.695e-05 ***
z_emb        -0.745388   0.215790 -3.4542 0.0005519 ***
---
Signif. codes:  0 ‘***’ 0.001 ‘**’ 0.01 ‘*’ 0.05 ‘.’ 0.1 ‘ ’ 1


--- dyad-clustered ---

z test of coefficients:

              Estimate Std. Error z value  Pr(>|z|)    
z_unbal_load  2.976368   0.166963 17.8266 < 2.2e-16 ***
z_dep_asym    0.300622   0.076942  3.9071  9.34e-05 ***
z_emb        -0.745388   0.212951 -3.5003 0.0004648 ***
---
Signif. codes:  0 ‘***’ 0.001 ‘**’ 0.01 ‘*’ 0.05 ‘.’ 0.1 ‘ ’ 1


--- 2-way (triad + dyad) clustered ---

z test of coefficients:

              Estimate Std. Error z value  Pr(>|z|)    
z_unbal_load  2.976368   0.190066 15.6597 < 2.2e-16 ***
z_dep_asym    0.300622   0.088071  3.4134 0.0006415 ***
z_emb        -0.745388   0.253092 -2.9451 0.0032282 ** 
---
Signif. codes:  0 ‘***’ 0.001 ‘**’ 0.01 ‘*’ 0.05 ‘.’ 0.1 ‘ ’ 1



=== STATE-LEVEL CLUSTERING (catches different dyads sharing one state) ===
--- clustered by state_low ---

z test of coefficients:

             Estimate Std. Error z value  Pr(>|z|)    
z_unbal_load  2.97637    0.30209  9.8525 < 2.2e-16 ***
z_dep_asym    0.30062    0.12405  2.4235 0.0153732 *  
z_emb        -0.74539    0.22000 -3.3881 0.0007038 ***
---
Signif. codes:  0 ‘***’ 0.001 ‘**’ 0.01 ‘*’ 0.05 ‘.’ 0.1 ‘ ’ 1


--- clustered by state_high ---

z test of coefficients:

              Estimate Std. Error z value  Pr(>|z|)    
z_unbal_load  2.976368   0.172586 17.2457 < 2.2e-16 ***
z_dep_asym    0.300622   0.082688  3.6356 0.0002773 ***
z_emb        -0.745388   0.235838 -3.1606 0.0015745 ** 
---
Signif. codes:  0 ‘***’ 0.001 ‘**’ 0.01 ‘*’ 0.05 ‘.’ 0.1 ‘ ’ 1


--- 2-way (state_low + state_high) clustered ---

z test of coefficients:

             Estimate Std. Error z value  Pr(>|z|)    
z_unbal_load  2.97637    0.32785  9.0784 < 2.2e-16 ***
z_dep_asym    0.30062    0.13760  2.1848  0.028902 *  
z_emb        -0.74539    0.27598 -2.7009  0.006915 ** 
---
Signif. codes:  0 ‘***’ 0.001 ‘**’ 0.01 ‘*’ 0.05 ‘.’ 0.1 ‘ ’ 1



16_initial_sign_confound.R complete.
